<?xml version="1.0" encoding="utf-8"?><testsuites><testsuite name="pytest" errors="0" failures="0" skipped="0" tests="10" time="16.472" timestamp="2024-08-28T20:03:14.762323+07:00" hostname="Kobra.local"><testcase classname="tests.test_app.FlaskTestCase" name="test_exception_handling" time="5.924" /><testcase classname="tests.test_app.FlaskTestCase" name="test_health_check" time="0.001" /><testcase classname="tests.test_app.FlaskTestCase" name="test_hello" time="0.001" /><testcase classname="tests.test_app.FlaskTestCase" name="test_invalid_image_file_type" time="0.078" /><testcase classname="tests.test_app.FlaskTestCase" name="test_invalid_mime_type" time="0.003" /><testcase classname="tests.test_app.FlaskTestCase" name="test_method_not_allowed" time="0.002" /><testcase classname="tests.test_app.FlaskTestCase" name="test_missing_image_data" time="0.002" /><testcase classname="tests.test_app.FlaskTestCase" name="test_no_file_selected" time="0.004" /><testcase classname="tests.test_app.FlaskTestCase" name="test_process_document" time="4.451" /><testcase classname="tests.test_app.FlaskTestCase" name="test_validate_api_key" time="0.001" /></testsuite></testsuites>